### basic class


```js
// parseExample: Classes can be created
// Here could be the text of your example.

```